START: 678_visualizing_environmental

ERROR:
concurrent.futures.process._RemoteTraceback: 
'''
Traceback (most recent call last):
  File "/usr/local/lib/python3.10/concurrent/futures/process.py", line 392, in wait_result_broken_or_wakeup
  File "/usr/local/lib/python3.10/multiprocessing/connection.py", line 251, in recv
  File "<frozen importlib._bootstrap>", line 1027, in _find_and_load
  File "<frozen importlib._bootstrap>", line 1002, in _find_and_load_unlocked
  File "<frozen importlib._bootstrap>", line 945, in _find_spec
  File "<frozen importlib._bootstrap_external>", line 1439, in find_spec
  File "<frozen importlib._bootstrap_external>", line 1411, in _get_spec
  File "<frozen importlib._bootstrap_external>", line 1548, in find_spec
  File "<frozen importlib._bootstrap_external>", line 1591, in _fill_cache
OSError: [Errno 116] Stale file handle: '/usr/local/lib/python3.10/site-packages'
'''

The above exception was the direct cause of the following exception:

Traceback (most recent call last):
  File "/datasets/_deepnote_work/main.py", line 184, in main
    print(fut.result(), flush=True)
  File "/usr/local/lib/python3.10/concurrent/futures/_base.py", line 451, in result
  File "/usr/local/lib/python3.10/concurrent/futures/_base.py", line 403, in __get_result
  File "/datasets/_deepnote_work/main.py", line 184, in main
    print(fut.result(), flush=True)
  File "/usr/local/lib/python3.10/concurrent/futures/_base.py", line 451, in result
  File "/usr/local/lib/python3.10/concurrent/futures/_base.py", line 403, in __get_result
concurrent.futures.process.BrokenProcessPool: A process in the process pool was terminated abruptly while the future was running or pending.

START: 678_visualizing_environmental
START: 678_visualizing_environmental
Completed '678_visualizing_environmental' in 2h 44m 21s

============================================================
DATASET: 678_visualizing_environmental
Original size: 111 samples
Features: 3
NaN handling method: drop rows (removes samples with any NaN values)
Cross-validation: No (single split)
Number of runs: 30
Bandwidths tested: [0.3]
Total time: 2h 44m 21s
============================================================
START: 678_visualizing_environmental
Completed '678_visualizing_environmental' in 2h 57m 21s

============================================================
DATASET: 678_visualizing_environmental
Original size: 111 samples
Features: 3
NaN handling method: drop rows (removes samples with any NaN values)
Cross-validation: No (single split)
Number of runs: 30
Bandwidths tested: [0.3]
Total time: 2h 57m 21s
============================================================
START: 678_visualizing_environmental
Completed '678_visualizing_environmental' in 1h 46m 8s

============================================================
DATASET: 678_visualizing_environmental
Original size: 111 samples
Features: 3
NaN handling method: drop rows (removes samples with any NaN values)
Cross-validation: No (single split)
Number of runs: 30
Bandwidths tested: [0.3]
Total time: 1h 46m 8s
============================================================
